// Jest Snapshot v1, https://goo.gl/fbAQLP

exports[`should be test weektime selector component should take a snapshot 1`] = `
<DocumentFragment>
  <div
    class="wt-selector"
  >
    <div
      class="wt-schedue"
      style="width: 0px; height: 0px; left: 0px; top: 0px;"
    />
    <table
      class="wt-selector-table"
    >
      <thead
        class="wt-selector-head"
      >
        <tr>
          <th
            colspan="49"
            style="text-align: right; font-size: 12px; font-weight: 400;"
          >
            <span
              style="margin-right: 15px;"
            >
              <span
                style="display: inline-block; width: 15px; height: 5px; border: 1px solid #355fd2; background-color: rgb(53, 95, 210); border-radius: 2px; margin-right: 5px;"
              />
              <span>
                已选
              </span>
            </span>
            <span
              style="margin-right: 15px;"
            >
              <span
                style="display: inline-block; width: 15px; height: 5px; border: 1px solid #e5e5e5; border-radius: 2px; margin-right: 5px;"
              />
              <span>
                可选
              </span>
            </span>
          </th>
        </tr>
        <tr>
          <th
            class="wk-td"
            rowspan="8"
          >
            星期/时间
          </th>
          <th
            colspan="24"
          >
            00:00 - 12:00
          </th>
          <th
            colspan="24"
          >
            12:00 - 24:00
          </th>
        </tr>
        <tr>
          <td
            colspan="2"
            style="text-align: center;"
          >
            0
          </td>
          <td
            colspan="2"
            style="text-align: center;"
          >
            1
          </td>
          <td
            colspan="2"
            style="text-align: center;"
          >
            2
          </td>
          <td
            colspan="2"
            style="text-align: center;"
          >
            3
          </td>
          <td
            colspan="2"
            style="text-align: center;"
          >
            4
          </td>
          <td
            colspan="2"
            style="text-align: center;"
          >
            5
          </td>
          <td
            colspan="2"
            style="text-align: center;"
          >
            6
          </td>
          <td
            colspan="2"
            style="text-align: center;"
          >
            7
          </td>
          <td
            colspan="2"
            style="text-align: center;"
          >
            8
          </td>
          <td
            colspan="2"
            style="text-align: center;"
          >
            9
          </td>
          <td
            colspan="2"
            style="text-align: center;"
          >
            10
          </td>
          <td
            colspan="2"
            style="text-align: center;"
          >
            11
          </td>
          <td
            colspan="2"
            style="text-align: center;"
          >
            12
          </td>
          <td
            colspan="2"
            style="text-align: center;"
          >
            13
          </td>
          <td
            colspan="2"
            style="text-align: center;"
          >
            14
          </td>
          <td
            colspan="2"
            style="text-align: center;"
          >
            15
          </td>
          <td
            colspan="2"
            style="text-align: center;"
          >
            16
          </td>
          <td
            colspan="2"
            style="text-align: center;"
          >
            17
          </td>
          <td
            colspan="2"
            style="text-align: center;"
          >
            18
          </td>
          <td
            colspan="2"
            style="text-align: center;"
          >
            19
          </td>
          <td
            colspan="2"
            style="text-align: center;"
          >
            20
          </td>
          <td
            colspan="2"
            style="text-align: center;"
          >
            21
          </td>
          <td
            colspan="2"
            style="text-align: center;"
          >
            22
          </td>
          <td
            colspan="2"
            style="text-align: center;"
          >
            23
          </td>
        </tr>
      </thead>
      <tbody
        class="wk-selector-body"
      >
        <tr>
          <td
            style="text-align: center;"
          >
            星期一
          </td>
          <td
            class="td-0-0"
            data-testid="tid-0-0"
            data-time="0"
            data-week="0"
          />
          <td
            class="td-0-1"
            data-testid="tid-0-1"
            data-time="1"
            data-week="0"
          />
          <td
            class="td-0-2"
            data-testid="tid-0-2"
            data-time="2"
            data-week="0"
          />
          <td
            class="td-0-3"
            data-testid="tid-0-3"
            data-time="3"
            data-week="0"
          />
          <td
            class="td-0-4"
            data-testid="tid-0-4"
            data-time="4"
            data-week="0"
          />
          <td
            class="td-0-5"
            data-testid="tid-0-5"
            data-time="5"
            data-week="0"
          />
          <td
            class="td-0-6"
            data-testid="tid-0-6"
            data-time="6"
            data-week="0"
          />
          <td
            class="td-0-7"
            data-testid="tid-0-7"
            data-time="7"
            data-week="0"
          />
          <td
            class="td-0-8"
            data-testid="tid-0-8"
            data-time="8"
            data-week="0"
          />
          <td
            class="td-0-9"
            data-testid="tid-0-9"
            data-time="9"
            data-week="0"
          />
          <td
            class="td-0-10"
            data-testid="tid-0-10"
            data-time="10"
            data-week="0"
          />
          <td
            class="td-0-11"
            data-testid="tid-0-11"
            data-time="11"
            data-week="0"
          />
          <td
            class="td-0-12"
            data-testid="tid-0-12"
            data-time="12"
            data-week="0"
          />
          <td
            class="td-0-13"
            data-testid="tid-0-13"
            data-time="13"
            data-week="0"
          />
          <td
            class="td-0-14"
            data-testid="tid-0-14"
            data-time="14"
            data-week="0"
          />
          <td
            class="td-0-15"
            data-testid="tid-0-15"
            data-time="15"
            data-week="0"
          />
          <td
            class="td-0-16"
            data-testid="tid-0-16"
            data-time="16"
            data-week="0"
          />
          <td
            class="td-0-17"
            data-testid="tid-0-17"
            data-time="17"
            data-week="0"
          />
          <td
            class="td-0-18"
            data-testid="tid-0-18"
            data-time="18"
            data-week="0"
          />
          <td
            class="td-0-19"
            data-testid="tid-0-19"
            data-time="19"
            data-week="0"
          />
          <td
            class="td-0-20"
            data-testid="tid-0-20"
            data-time="20"
            data-week="0"
          />
          <td
            class="td-0-21"
            data-testid="tid-0-21"
            data-time="21"
            data-week="0"
          />
          <td
            class="td-0-22"
            data-testid="tid-0-22"
            data-time="22"
            data-week="0"
          />
          <td
            class="td-0-23"
            data-testid="tid-0-23"
            data-time="23"
            data-week="0"
          />
          <td
            class="td-0-24"
            data-testid="tid-0-24"
            data-time="24"
            data-week="0"
          />
          <td
            class="td-0-25"
            data-testid="tid-0-25"
            data-time="25"
            data-week="0"
          />
          <td
            class="td-0-26"
            data-testid="tid-0-26"
            data-time="26"
            data-week="0"
          />
          <td
            class="td-0-27"
            data-testid="tid-0-27"
            data-time="27"
            data-week="0"
          />
          <td
            class="td-0-28"
            data-testid="tid-0-28"
            data-time="28"
            data-week="0"
          />
          <td
            class="td-0-29"
            data-testid="tid-0-29"
            data-time="29"
            data-week="0"
          />
          <td
            class="td-0-30"
            data-testid="tid-0-30"
            data-time="30"
            data-week="0"
          />
          <td
            class="td-0-31"
            data-testid="tid-0-31"
            data-time="31"
            data-week="0"
          />
          <td
            class="td-0-32"
            data-testid="tid-0-32"
            data-time="32"
            data-week="0"
          />
          <td
            class="td-0-33"
            data-testid="tid-0-33"
            data-time="33"
            data-week="0"
          />
          <td
            class="td-0-34"
            data-testid="tid-0-34"
            data-time="34"
            data-week="0"
          />
          <td
            class="td-0-35"
            data-testid="tid-0-35"
            data-time="35"
            data-week="0"
          />
          <td
            class="td-0-36"
            data-testid="tid-0-36"
            data-time="36"
            data-week="0"
          />
          <td
            class="td-0-37"
            data-testid="tid-0-37"
            data-time="37"
            data-week="0"
          />
          <td
            class="td-0-38"
            data-testid="tid-0-38"
            data-time="38"
            data-week="0"
          />
          <td
            class="td-0-39"
            data-testid="tid-0-39"
            data-time="39"
            data-week="0"
          />
          <td
            class="td-0-40"
            data-testid="tid-0-40"
            data-time="40"
            data-week="0"
          />
          <td
            class="td-0-41"
            data-testid="tid-0-41"
            data-time="41"
            data-week="0"
          />
          <td
            class="td-0-42"
            data-testid="tid-0-42"
            data-time="42"
            data-week="0"
          />
          <td
            class="td-0-43"
            data-testid="tid-0-43"
            data-time="43"
            data-week="0"
          />
          <td
            class="td-0-44"
            data-testid="tid-0-44"
            data-time="44"
            data-week="0"
          />
          <td
            class="td-0-45"
            data-testid="tid-0-45"
            data-time="45"
            data-week="0"
          />
          <td
            class="td-0-46"
            data-testid="tid-0-46"
            data-time="46"
            data-week="0"
          />
          <td
            class="td-0-47"
            data-testid="tid-0-47"
            data-time="47"
            data-week="0"
          />
        </tr>
        <tr>
          <td
            style="text-align: center;"
          >
            星期二
          </td>
          <td
            class="td-1-0"
            data-testid="tid-1-0"
            data-time="0"
            data-week="1"
          />
          <td
            class="td-1-1"
            data-testid="tid-1-1"
            data-time="1"
            data-week="1"
          />
          <td
            class="td-1-2"
            data-testid="tid-1-2"
            data-time="2"
            data-week="1"
          />
          <td
            class="td-1-3"
            data-testid="tid-1-3"
            data-time="3"
            data-week="1"
          />
          <td
            class="td-1-4"
            data-testid="tid-1-4"
            data-time="4"
            data-week="1"
          />
          <td
            class="td-1-5"
            data-testid="tid-1-5"
            data-time="5"
            data-week="1"
          />
          <td
            class="td-1-6"
            data-testid="tid-1-6"
            data-time="6"
            data-week="1"
          />
          <td
            class="td-1-7"
            data-testid="tid-1-7"
            data-time="7"
            data-week="1"
          />
          <td
            class="td-1-8"
            data-testid="tid-1-8"
            data-time="8"
            data-week="1"
          />
          <td
            class="td-1-9"
            data-testid="tid-1-9"
            data-time="9"
            data-week="1"
          />
          <td
            class="td-1-10"
            data-testid="tid-1-10"
            data-time="10"
            data-week="1"
          />
          <td
            class="td-1-11"
            data-testid="tid-1-11"
            data-time="11"
            data-week="1"
          />
          <td
            class="td-1-12"
            data-testid="tid-1-12"
            data-time="12"
            data-week="1"
          />
          <td
            class="td-1-13"
            data-testid="tid-1-13"
            data-time="13"
            data-week="1"
          />
          <td
            class="td-1-14"
            data-testid="tid-1-14"
            data-time="14"
            data-week="1"
          />
          <td
            class="td-1-15"
            data-testid="tid-1-15"
            data-time="15"
            data-week="1"
          />
          <td
            class="td-1-16"
            data-testid="tid-1-16"
            data-time="16"
            data-week="1"
          />
          <td
            class="td-1-17"
            data-testid="tid-1-17"
            data-time="17"
            data-week="1"
          />
          <td
            class="td-1-18"
            data-testid="tid-1-18"
            data-time="18"
            data-week="1"
          />
          <td
            class="td-1-19"
            data-testid="tid-1-19"
            data-time="19"
            data-week="1"
          />
          <td
            class="td-1-20"
            data-testid="tid-1-20"
            data-time="20"
            data-week="1"
          />
          <td
            class="td-1-21"
            data-testid="tid-1-21"
            data-time="21"
            data-week="1"
          />
          <td
            class="td-1-22"
            data-testid="tid-1-22"
            data-time="22"
            data-week="1"
          />
          <td
            class="td-1-23"
            data-testid="tid-1-23"
            data-time="23"
            data-week="1"
          />
          <td
            class="td-1-24"
            data-testid="tid-1-24"
            data-time="24"
            data-week="1"
          />
          <td
            class="td-1-25"
            data-testid="tid-1-25"
            data-time="25"
            data-week="1"
          />
          <td
            class="td-1-26"
            data-testid="tid-1-26"
            data-time="26"
            data-week="1"
          />
          <td
            class="td-1-27"
            data-testid="tid-1-27"
            data-time="27"
            data-week="1"
          />
          <td
            class="td-1-28"
            data-testid="tid-1-28"
            data-time="28"
            data-week="1"
          />
          <td
            class="td-1-29"
            data-testid="tid-1-29"
            data-time="29"
            data-week="1"
          />
          <td
            class="td-1-30"
            data-testid="tid-1-30"
            data-time="30"
            data-week="1"
          />
          <td
            class="td-1-31"
            data-testid="tid-1-31"
            data-time="31"
            data-week="1"
          />
          <td
            class="td-1-32"
            data-testid="tid-1-32"
            data-time="32"
            data-week="1"
          />
          <td
            class="td-1-33"
            data-testid="tid-1-33"
            data-time="33"
            data-week="1"
          />
          <td
            class="td-1-34"
            data-testid="tid-1-34"
            data-time="34"
            data-week="1"
          />
          <td
            class="td-1-35"
            data-testid="tid-1-35"
            data-time="35"
            data-week="1"
          />
          <td
            class="td-1-36"
            data-testid="tid-1-36"
            data-time="36"
            data-week="1"
          />
          <td
            class="td-1-37"
            data-testid="tid-1-37"
            data-time="37"
            data-week="1"
          />
          <td
            class="td-1-38"
            data-testid="tid-1-38"
            data-time="38"
            data-week="1"
          />
          <td
            class="td-1-39"
            data-testid="tid-1-39"
            data-time="39"
            data-week="1"
          />
          <td
            class="td-1-40"
            data-testid="tid-1-40"
            data-time="40"
            data-week="1"
          />
          <td
            class="td-1-41"
            data-testid="tid-1-41"
            data-time="41"
            data-week="1"
          />
          <td
            class="td-1-42"
            data-testid="tid-1-42"
            data-time="42"
            data-week="1"
          />
          <td
            class="td-1-43"
            data-testid="tid-1-43"
            data-time="43"
            data-week="1"
          />
          <td
            class="td-1-44"
            data-testid="tid-1-44"
            data-time="44"
            data-week="1"
          />
          <td
            class="td-1-45"
            data-testid="tid-1-45"
            data-time="45"
            data-week="1"
          />
          <td
            class="td-1-46"
            data-testid="tid-1-46"
            data-time="46"
            data-week="1"
          />
          <td
            class="td-1-47"
            data-testid="tid-1-47"
            data-time="47"
            data-week="1"
          />
        </tr>
        <tr>
          <td
            style="text-align: center;"
          >
            星期三
          </td>
          <td
            class="td-2-0"
            data-testid="tid-2-0"
            data-time="0"
            data-week="2"
          />
          <td
            class="td-2-1"
            data-testid="tid-2-1"
            data-time="1"
            data-week="2"
          />
          <td
            class="td-2-2"
            data-testid="tid-2-2"
            data-time="2"
            data-week="2"
          />
          <td
            class="td-2-3"
            data-testid="tid-2-3"
            data-time="3"
            data-week="2"
          />
          <td
            class="td-2-4"
            data-testid="tid-2-4"
            data-time="4"
            data-week="2"
          />
          <td
            class="td-2-5"
            data-testid="tid-2-5"
            data-time="5"
            data-week="2"
          />
          <td
            class="td-2-6"
            data-testid="tid-2-6"
            data-time="6"
            data-week="2"
          />
          <td
            class="td-2-7"
            data-testid="tid-2-7"
            data-time="7"
            data-week="2"
          />
          <td
            class="td-2-8"
            data-testid="tid-2-8"
            data-time="8"
            data-week="2"
          />
          <td
            class="td-2-9"
            data-testid="tid-2-9"
            data-time="9"
            data-week="2"
          />
          <td
            class="td-2-10"
            data-testid="tid-2-10"
            data-time="10"
            data-week="2"
          />
          <td
            class="td-2-11"
            data-testid="tid-2-11"
            data-time="11"
            data-week="2"
          />
          <td
            class="td-2-12"
            data-testid="tid-2-12"
            data-time="12"
            data-week="2"
          />
          <td
            class="td-2-13"
            data-testid="tid-2-13"
            data-time="13"
            data-week="2"
          />
          <td
            class="td-2-14"
            data-testid="tid-2-14"
            data-time="14"
            data-week="2"
          />
          <td
            class="td-2-15"
            data-testid="tid-2-15"
            data-time="15"
            data-week="2"
          />
          <td
            class="td-2-16"
            data-testid="tid-2-16"
            data-time="16"
            data-week="2"
          />
          <td
            class="td-2-17"
            data-testid="tid-2-17"
            data-time="17"
            data-week="2"
          />
          <td
            class="td-2-18"
            data-testid="tid-2-18"
            data-time="18"
            data-week="2"
          />
          <td
            class="td-2-19"
            data-testid="tid-2-19"
            data-time="19"
            data-week="2"
          />
          <td
            class="td-2-20"
            data-testid="tid-2-20"
            data-time="20"
            data-week="2"
          />
          <td
            class="td-2-21"
            data-testid="tid-2-21"
            data-time="21"
            data-week="2"
          />
          <td
            class="td-2-22"
            data-testid="tid-2-22"
            data-time="22"
            data-week="2"
          />
          <td
            class="td-2-23"
            data-testid="tid-2-23"
            data-time="23"
            data-week="2"
          />
          <td
            class="td-2-24"
            data-testid="tid-2-24"
            data-time="24"
            data-week="2"
          />
          <td
            class="td-2-25"
            data-testid="tid-2-25"
            data-time="25"
            data-week="2"
          />
          <td
            class="td-2-26"
            data-testid="tid-2-26"
            data-time="26"
            data-week="2"
          />
          <td
            class="td-2-27"
            data-testid="tid-2-27"
            data-time="27"
            data-week="2"
          />
          <td
            class="td-2-28"
            data-testid="tid-2-28"
            data-time="28"
            data-week="2"
          />
          <td
            class="td-2-29"
            data-testid="tid-2-29"
            data-time="29"
            data-week="2"
          />
          <td
            class="td-2-30"
            data-testid="tid-2-30"
            data-time="30"
            data-week="2"
          />
          <td
            class="td-2-31"
            data-testid="tid-2-31"
            data-time="31"
            data-week="2"
          />
          <td
            class="td-2-32"
            data-testid="tid-2-32"
            data-time="32"
            data-week="2"
          />
          <td
            class="td-2-33"
            data-testid="tid-2-33"
            data-time="33"
            data-week="2"
          />
          <td
            class="td-2-34"
            data-testid="tid-2-34"
            data-time="34"
            data-week="2"
          />
          <td
            class="td-2-35"
            data-testid="tid-2-35"
            data-time="35"
            data-week="2"
          />
          <td
            class="td-2-36"
            data-testid="tid-2-36"
            data-time="36"
            data-week="2"
          />
          <td
            class="td-2-37"
            data-testid="tid-2-37"
            data-time="37"
            data-week="2"
          />
          <td
            class="td-2-38"
            data-testid="tid-2-38"
            data-time="38"
            data-week="2"
          />
          <td
            class="td-2-39"
            data-testid="tid-2-39"
            data-time="39"
            data-week="2"
          />
          <td
            class="td-2-40"
            data-testid="tid-2-40"
            data-time="40"
            data-week="2"
          />
          <td
            class="td-2-41"
            data-testid="tid-2-41"
            data-time="41"
            data-week="2"
          />
          <td
            class="td-2-42"
            data-testid="tid-2-42"
            data-time="42"
            data-week="2"
          />
          <td
            class="td-2-43"
            data-testid="tid-2-43"
            data-time="43"
            data-week="2"
          />
          <td
            class="td-2-44"
            data-testid="tid-2-44"
            data-time="44"
            data-week="2"
          />
          <td
            class="td-2-45"
            data-testid="tid-2-45"
            data-time="45"
            data-week="2"
          />
          <td
            class="td-2-46"
            data-testid="tid-2-46"
            data-time="46"
            data-week="2"
          />
          <td
            class="td-2-47"
            data-testid="tid-2-47"
            data-time="47"
            data-week="2"
          />
        </tr>
        <tr>
          <td
            style="text-align: center;"
          >
            星期四
          </td>
          <td
            class="td-3-0"
            data-testid="tid-3-0"
            data-time="0"
            data-week="3"
          />
          <td
            class="td-3-1"
            data-testid="tid-3-1"
            data-time="1"
            data-week="3"
          />
          <td
            class="td-3-2"
            data-testid="tid-3-2"
            data-time="2"
            data-week="3"
          />
          <td
            class="td-3-3"
            data-testid="tid-3-3"
            data-time="3"
            data-week="3"
          />
          <td
            class="td-3-4"
            data-testid="tid-3-4"
            data-time="4"
            data-week="3"
          />
          <td
            class="td-3-5"
            data-testid="tid-3-5"
            data-time="5"
            data-week="3"
          />
          <td
            class="td-3-6"
            data-testid="tid-3-6"
            data-time="6"
            data-week="3"
          />
          <td
            class="td-3-7"
            data-testid="tid-3-7"
            data-time="7"
            data-week="3"
          />
          <td
            class="td-3-8"
            data-testid="tid-3-8"
            data-time="8"
            data-week="3"
          />
          <td
            class="td-3-9"
            data-testid="tid-3-9"
            data-time="9"
            data-week="3"
          />
          <td
            class="td-3-10"
            data-testid="tid-3-10"
            data-time="10"
            data-week="3"
          />
          <td
            class="td-3-11"
            data-testid="tid-3-11"
            data-time="11"
            data-week="3"
          />
          <td
            class="td-3-12"
            data-testid="tid-3-12"
            data-time="12"
            data-week="3"
          />
          <td
            class="td-3-13"
            data-testid="tid-3-13"
            data-time="13"
            data-week="3"
          />
          <td
            class="td-3-14"
            data-testid="tid-3-14"
            data-time="14"
            data-week="3"
          />
          <td
            class="td-3-15"
            data-testid="tid-3-15"
            data-time="15"
            data-week="3"
          />
          <td
            class="td-3-16"
            data-testid="tid-3-16"
            data-time="16"
            data-week="3"
          />
          <td
            class="td-3-17"
            data-testid="tid-3-17"
            data-time="17"
            data-week="3"
          />
          <td
            class="td-3-18"
            data-testid="tid-3-18"
            data-time="18"
            data-week="3"
          />
          <td
            class="td-3-19"
            data-testid="tid-3-19"
            data-time="19"
            data-week="3"
          />
          <td
            class="td-3-20"
            data-testid="tid-3-20"
            data-time="20"
            data-week="3"
          />
          <td
            class="td-3-21"
            data-testid="tid-3-21"
            data-time="21"
            data-week="3"
          />
          <td
            class="td-3-22"
            data-testid="tid-3-22"
            data-time="22"
            data-week="3"
          />
          <td
            class="td-3-23"
            data-testid="tid-3-23"
            data-time="23"
            data-week="3"
          />
          <td
            class="td-3-24"
            data-testid="tid-3-24"
            data-time="24"
            data-week="3"
          />
          <td
            class="td-3-25"
            data-testid="tid-3-25"
            data-time="25"
            data-week="3"
          />
          <td
            class="td-3-26"
            data-testid="tid-3-26"
            data-time="26"
            data-week="3"
          />
          <td
            class="td-3-27"
            data-testid="tid-3-27"
            data-time="27"
            data-week="3"
          />
          <td
            class="td-3-28"
            data-testid="tid-3-28"
            data-time="28"
            data-week="3"
          />
          <td
            class="td-3-29"
            data-testid="tid-3-29"
            data-time="29"
            data-week="3"
          />
          <td
            class="td-3-30"
            data-testid="tid-3-30"
            data-time="30"
            data-week="3"
          />
          <td
            class="td-3-31"
            data-testid="tid-3-31"
            data-time="31"
            data-week="3"
          />
          <td
            class="td-3-32"
            data-testid="tid-3-32"
            data-time="32"
            data-week="3"
          />
          <td
            class="td-3-33"
            data-testid="tid-3-33"
            data-time="33"
            data-week="3"
          />
          <td
            class="td-3-34"
            data-testid="tid-3-34"
            data-time="34"
            data-week="3"
          />
          <td
            class="td-3-35"
            data-testid="tid-3-35"
            data-time="35"
            data-week="3"
          />
          <td
            class="td-3-36"
            data-testid="tid-3-36"
            data-time="36"
            data-week="3"
          />
          <td
            class="td-3-37"
            data-testid="tid-3-37"
            data-time="37"
            data-week="3"
          />
          <td
            class="td-3-38"
            data-testid="tid-3-38"
            data-time="38"
            data-week="3"
          />
          <td
            class="td-3-39"
            data-testid="tid-3-39"
            data-time="39"
            data-week="3"
          />
          <td
            class="td-3-40"
            data-testid="tid-3-40"
            data-time="40"
            data-week="3"
          />
          <td
            class="td-3-41"
            data-testid="tid-3-41"
            data-time="41"
            data-week="3"
          />
          <td
            class="td-3-42"
            data-testid="tid-3-42"
            data-time="42"
            data-week="3"
          />
          <td
            class="td-3-43"
            data-testid="tid-3-43"
            data-time="43"
            data-week="3"
          />
          <td
            class="td-3-44"
            data-testid="tid-3-44"
            data-time="44"
            data-week="3"
          />
          <td
            class="td-3-45"
            data-testid="tid-3-45"
            data-time="45"
            data-week="3"
          />
          <td
            class="td-3-46"
            data-testid="tid-3-46"
            data-time="46"
            data-week="3"
          />
          <td
            class="td-3-47"
            data-testid="tid-3-47"
            data-time="47"
            data-week="3"
          />
        </tr>
        <tr>
          <td
            style="text-align: center;"
          >
            星期五
          </td>
          <td
            class="td-4-0"
            data-testid="tid-4-0"
            data-time="0"
            data-week="4"
          />
          <td
            class="td-4-1"
            data-testid="tid-4-1"
            data-time="1"
            data-week="4"
          />
          <td
            class="td-4-2"
            data-testid="tid-4-2"
            data-time="2"
            data-week="4"
          />
          <td
            class="td-4-3"
            data-testid="tid-4-3"
            data-time="3"
            data-week="4"
          />
          <td
            class="td-4-4"
            data-testid="tid-4-4"
            data-time="4"
            data-week="4"
          />
          <td
            class="td-4-5"
            data-testid="tid-4-5"
            data-time="5"
            data-week="4"
          />
          <td
            class="td-4-6"
            data-testid="tid-4-6"
            data-time="6"
            data-week="4"
          />
          <td
            class="td-4-7"
            data-testid="tid-4-7"
            data-time="7"
            data-week="4"
          />
          <td
            class="td-4-8"
            data-testid="tid-4-8"
            data-time="8"
            data-week="4"
          />
          <td
            class="td-4-9"
            data-testid="tid-4-9"
            data-time="9"
            data-week="4"
          />
          <td
            class="td-4-10"
            data-testid="tid-4-10"
            data-time="10"
            data-week="4"
          />
          <td
            class="td-4-11"
            data-testid="tid-4-11"
            data-time="11"
            data-week="4"
          />
          <td
            class="td-4-12"
            data-testid="tid-4-12"
            data-time="12"
            data-week="4"
          />
          <td
            class="td-4-13"
            data-testid="tid-4-13"
            data-time="13"
            data-week="4"
          />
          <td
            class="td-4-14"
            data-testid="tid-4-14"
            data-time="14"
            data-week="4"
          />
          <td
            class="td-4-15"
            data-testid="tid-4-15"
            data-time="15"
            data-week="4"
          />
          <td
            class="td-4-16"
            data-testid="tid-4-16"
            data-time="16"
            data-week="4"
          />
          <td
            class="td-4-17"
            data-testid="tid-4-17"
            data-time="17"
            data-week="4"
          />
          <td
            class="td-4-18"
            data-testid="tid-4-18"
            data-time="18"
            data-week="4"
          />
          <td
            class="td-4-19"
            data-testid="tid-4-19"
            data-time="19"
            data-week="4"
          />
          <td
            class="td-4-20"
            data-testid="tid-4-20"
            data-time="20"
            data-week="4"
          />
          <td
            class="td-4-21"
            data-testid="tid-4-21"
            data-time="21"
            data-week="4"
          />
          <td
            class="td-4-22"
            data-testid="tid-4-22"
            data-time="22"
            data-week="4"
          />
          <td
            class="td-4-23"
            data-testid="tid-4-23"
            data-time="23"
            data-week="4"
          />
          <td
            class="td-4-24"
            data-testid="tid-4-24"
            data-time="24"
            data-week="4"
          />
          <td
            class="td-4-25"
            data-testid="tid-4-25"
            data-time="25"
            data-week="4"
          />
          <td
            class="td-4-26"
            data-testid="tid-4-26"
            data-time="26"
            data-week="4"
          />
          <td
            class="td-4-27"
            data-testid="tid-4-27"
            data-time="27"
            data-week="4"
          />
          <td
            class="td-4-28"
            data-testid="tid-4-28"
            data-time="28"
            data-week="4"
          />
          <td
            class="td-4-29"
            data-testid="tid-4-29"
            data-time="29"
            data-week="4"
          />
          <td
            class="td-4-30"
            data-testid="tid-4-30"
            data-time="30"
            data-week="4"
          />
          <td
            class="td-4-31"
            data-testid="tid-4-31"
            data-time="31"
            data-week="4"
          />
          <td
            class="td-4-32"
            data-testid="tid-4-32"
            data-time="32"
            data-week="4"
          />
          <td
            class="td-4-33"
            data-testid="tid-4-33"
            data-time="33"
            data-week="4"
          />
          <td
            class="td-4-34"
            data-testid="tid-4-34"
            data-time="34"
            data-week="4"
          />
          <td
            class="td-4-35"
            data-testid="tid-4-35"
            data-time="35"
            data-week="4"
          />
          <td
            class="td-4-36"
            data-testid="tid-4-36"
            data-time="36"
            data-week="4"
          />
          <td
            class="td-4-37"
            data-testid="tid-4-37"
            data-time="37"
            data-week="4"
          />
          <td
            class="td-4-38"
            data-testid="tid-4-38"
            data-time="38"
            data-week="4"
          />
          <td
            class="td-4-39"
            data-testid="tid-4-39"
            data-time="39"
            data-week="4"
          />
          <td
            class="td-4-40"
            data-testid="tid-4-40"
            data-time="40"
            data-week="4"
          />
          <td
            class="td-4-41"
            data-testid="tid-4-41"
            data-time="41"
            data-week="4"
          />
          <td
            class="td-4-42"
            data-testid="tid-4-42"
            data-time="42"
            data-week="4"
          />
          <td
            class="td-4-43"
            data-testid="tid-4-43"
            data-time="43"
            data-week="4"
          />
          <td
            class="td-4-44"
            data-testid="tid-4-44"
            data-time="44"
            data-week="4"
          />
          <td
            class="td-4-45"
            data-testid="tid-4-45"
            data-time="45"
            data-week="4"
          />
          <td
            class="td-4-46"
            data-testid="tid-4-46"
            data-time="46"
            data-week="4"
          />
          <td
            class="td-4-47"
            data-testid="tid-4-47"
            data-time="47"
            data-week="4"
          />
        </tr>
        <tr>
          <td
            style="text-align: center;"
          >
            星期六
          </td>
          <td
            class="td-5-0"
            data-testid="tid-5-0"
            data-time="0"
            data-week="5"
          />
          <td
            class="td-5-1"
            data-testid="tid-5-1"
            data-time="1"
            data-week="5"
          />
          <td
            class="td-5-2"
            data-testid="tid-5-2"
            data-time="2"
            data-week="5"
          />
          <td
            class="td-5-3"
            data-testid="tid-5-3"
            data-time="3"
            data-week="5"
          />
          <td
            class="td-5-4"
            data-testid="tid-5-4"
            data-time="4"
            data-week="5"
          />
          <td
            class="td-5-5"
            data-testid="tid-5-5"
            data-time="5"
            data-week="5"
          />
          <td
            class="td-5-6"
            data-testid="tid-5-6"
            data-time="6"
            data-week="5"
          />
          <td
            class="td-5-7"
            data-testid="tid-5-7"
            data-time="7"
            data-week="5"
          />
          <td
            class="td-5-8"
            data-testid="tid-5-8"
            data-time="8"
            data-week="5"
          />
          <td
            class="td-5-9"
            data-testid="tid-5-9"
            data-time="9"
            data-week="5"
          />
          <td
            class="td-5-10"
            data-testid="tid-5-10"
            data-time="10"
            data-week="5"
          />
          <td
            class="td-5-11"
            data-testid="tid-5-11"
            data-time="11"
            data-week="5"
          />
          <td
            class="td-5-12"
            data-testid="tid-5-12"
            data-time="12"
            data-week="5"
          />
          <td
            class="td-5-13"
            data-testid="tid-5-13"
            data-time="13"
            data-week="5"
          />
          <td
            class="td-5-14"
            data-testid="tid-5-14"
            data-time="14"
            data-week="5"
          />
          <td
            class="td-5-15"
            data-testid="tid-5-15"
            data-time="15"
            data-week="5"
          />
          <td
            class="td-5-16"
            data-testid="tid-5-16"
            data-time="16"
            data-week="5"
          />
          <td
            class="td-5-17"
            data-testid="tid-5-17"
            data-time="17"
            data-week="5"
          />
          <td
            class="td-5-18"
            data-testid="tid-5-18"
            data-time="18"
            data-week="5"
          />
          <td
            class="td-5-19"
            data-testid="tid-5-19"
            data-time="19"
            data-week="5"
          />
          <td
            class="td-5-20"
            data-testid="tid-5-20"
            data-time="20"
            data-week="5"
          />
          <td
            class="td-5-21"
            data-testid="tid-5-21"
            data-time="21"
            data-week="5"
          />
          <td
            class="td-5-22"
            data-testid="tid-5-22"
            data-time="22"
            data-week="5"
          />
          <td
            class="td-5-23"
            data-testid="tid-5-23"
            data-time="23"
            data-week="5"
          />
          <td
            class="td-5-24"
            data-testid="tid-5-24"
            data-time="24"
            data-week="5"
          />
          <td
            class="td-5-25"
            data-testid="tid-5-25"
            data-time="25"
            data-week="5"
          />
          <td
            class="td-5-26"
            data-testid="tid-5-26"
            data-time="26"
            data-week="5"
          />
          <td
            class="td-5-27"
            data-testid="tid-5-27"
            data-time="27"
            data-week="5"
          />
          <td
            class="td-5-28"
            data-testid="tid-5-28"
            data-time="28"
            data-week="5"
          />
          <td
            class="td-5-29"
            data-testid="tid-5-29"
            data-time="29"
            data-week="5"
          />
          <td
            class="td-5-30"
            data-testid="tid-5-30"
            data-time="30"
            data-week="5"
          />
          <td
            class="td-5-31"
            data-testid="tid-5-31"
            data-time="31"
            data-week="5"
          />
          <td
            class="td-5-32"
            data-testid="tid-5-32"
            data-time="32"
            data-week="5"
          />
          <td
            class="td-5-33"
            data-testid="tid-5-33"
            data-time="33"
            data-week="5"
          />
          <td
            class="td-5-34"
            data-testid="tid-5-34"
            data-time="34"
            data-week="5"
          />
          <td
            class="td-5-35"
            data-testid="tid-5-35"
            data-time="35"
            data-week="5"
          />
          <td
            class="td-5-36"
            data-testid="tid-5-36"
            data-time="36"
            data-week="5"
          />
          <td
            class="td-5-37"
            data-testid="tid-5-37"
            data-time="37"
            data-week="5"
          />
          <td
            class="td-5-38"
            data-testid="tid-5-38"
            data-time="38"
            data-week="5"
          />
          <td
            class="td-5-39"
            data-testid="tid-5-39"
            data-time="39"
            data-week="5"
          />
          <td
            class="td-5-40"
            data-testid="tid-5-40"
            data-time="40"
            data-week="5"
          />
          <td
            class="td-5-41"
            data-testid="tid-5-41"
            data-time="41"
            data-week="5"
          />
          <td
            class="td-5-42"
            data-testid="tid-5-42"
            data-time="42"
            data-week="5"
          />
          <td
            class="td-5-43"
            data-testid="tid-5-43"
            data-time="43"
            data-week="5"
          />
          <td
            class="td-5-44"
            data-testid="tid-5-44"
            data-time="44"
            data-week="5"
          />
          <td
            class="td-5-45"
            data-testid="tid-5-45"
            data-time="45"
            data-week="5"
          />
          <td
            class="td-5-46"
            data-testid="tid-5-46"
            data-time="46"
            data-week="5"
          />
          <td
            class="td-5-47"
            data-testid="tid-5-47"
            data-time="47"
            data-week="5"
          />
        </tr>
        <tr>
          <td
            style="text-align: center;"
          >
            星期日
          </td>
          <td
            class="td-6-0"
            data-testid="tid-6-0"
            data-time="0"
            data-week="6"
          />
          <td
            class="td-6-1"
            data-testid="tid-6-1"
            data-time="1"
            data-week="6"
          />
          <td
            class="td-6-2"
            data-testid="tid-6-2"
            data-time="2"
            data-week="6"
          />
          <td
            class="td-6-3"
            data-testid="tid-6-3"
            data-time="3"
            data-week="6"
          />
          <td
            class="td-6-4"
            data-testid="tid-6-4"
            data-time="4"
            data-week="6"
          />
          <td
            class="td-6-5"
            data-testid="tid-6-5"
            data-time="5"
            data-week="6"
          />
          <td
            class="td-6-6"
            data-testid="tid-6-6"
            data-time="6"
            data-week="6"
          />
          <td
            class="td-6-7"
            data-testid="tid-6-7"
            data-time="7"
            data-week="6"
          />
          <td
            class="td-6-8"
            data-testid="tid-6-8"
            data-time="8"
            data-week="6"
          />
          <td
            class="td-6-9"
            data-testid="tid-6-9"
            data-time="9"
            data-week="6"
          />
          <td
            class="td-6-10"
            data-testid="tid-6-10"
            data-time="10"
            data-week="6"
          />
          <td
            class="td-6-11"
            data-testid="tid-6-11"
            data-time="11"
            data-week="6"
          />
          <td
            class="td-6-12"
            data-testid="tid-6-12"
            data-time="12"
            data-week="6"
          />
          <td
            class="td-6-13"
            data-testid="tid-6-13"
            data-time="13"
            data-week="6"
          />
          <td
            class="td-6-14"
            data-testid="tid-6-14"
            data-time="14"
            data-week="6"
          />
          <td
            class="td-6-15"
            data-testid="tid-6-15"
            data-time="15"
            data-week="6"
          />
          <td
            class="td-6-16"
            data-testid="tid-6-16"
            data-time="16"
            data-week="6"
          />
          <td
            class="td-6-17"
            data-testid="tid-6-17"
            data-time="17"
            data-week="6"
          />
          <td
            class="td-6-18"
            data-testid="tid-6-18"
            data-time="18"
            data-week="6"
          />
          <td
            class="td-6-19"
            data-testid="tid-6-19"
            data-time="19"
            data-week="6"
          />
          <td
            class="td-6-20"
            data-testid="tid-6-20"
            data-time="20"
            data-week="6"
          />
          <td
            class="td-6-21"
            data-testid="tid-6-21"
            data-time="21"
            data-week="6"
          />
          <td
            class="td-6-22"
            data-testid="tid-6-22"
            data-time="22"
            data-week="6"
          />
          <td
            class="td-6-23"
            data-testid="tid-6-23"
            data-time="23"
            data-week="6"
          />
          <td
            class="td-6-24"
            data-testid="tid-6-24"
            data-time="24"
            data-week="6"
          />
          <td
            class="td-6-25"
            data-testid="tid-6-25"
            data-time="25"
            data-week="6"
          />
          <td
            class="td-6-26"
            data-testid="tid-6-26"
            data-time="26"
            data-week="6"
          />
          <td
            class="td-6-27"
            data-testid="tid-6-27"
            data-time="27"
            data-week="6"
          />
          <td
            class="td-6-28"
            data-testid="tid-6-28"
            data-time="28"
            data-week="6"
          />
          <td
            class="td-6-29"
            data-testid="tid-6-29"
            data-time="29"
            data-week="6"
          />
          <td
            class="td-6-30"
            data-testid="tid-6-30"
            data-time="30"
            data-week="6"
          />
          <td
            class="td-6-31"
            data-testid="tid-6-31"
            data-time="31"
            data-week="6"
          />
          <td
            class="td-6-32"
            data-testid="tid-6-32"
            data-time="32"
            data-week="6"
          />
          <td
            class="td-6-33"
            data-testid="tid-6-33"
            data-time="33"
            data-week="6"
          />
          <td
            class="td-6-34"
            data-testid="tid-6-34"
            data-time="34"
            data-week="6"
          />
          <td
            class="td-6-35"
            data-testid="tid-6-35"
            data-time="35"
            data-week="6"
          />
          <td
            class="td-6-36"
            data-testid="tid-6-36"
            data-time="36"
            data-week="6"
          />
          <td
            class="td-6-37"
            data-testid="tid-6-37"
            data-time="37"
            data-week="6"
          />
          <td
            class="td-6-38"
            data-testid="tid-6-38"
            data-time="38"
            data-week="6"
          />
          <td
            class="td-6-39"
            data-testid="tid-6-39"
            data-time="39"
            data-week="6"
          />
          <td
            class="td-6-40"
            data-testid="tid-6-40"
            data-time="40"
            data-week="6"
          />
          <td
            class="td-6-41"
            data-testid="tid-6-41"
            data-time="41"
            data-week="6"
          />
          <td
            class="td-6-42"
            data-testid="tid-6-42"
            data-time="42"
            data-week="6"
          />
          <td
            class="td-6-43"
            data-testid="tid-6-43"
            data-time="43"
            data-week="6"
          />
          <td
            class="td-6-44"
            data-testid="tid-6-44"
            data-time="44"
            data-week="6"
          />
          <td
            class="td-6-45"
            data-testid="tid-6-45"
            data-time="45"
            data-week="6"
          />
          <td
            class="td-6-46"
            data-testid="tid-6-46"
            data-time="46"
            data-week="6"
          />
          <td
            class="td-6-47"
            data-testid="tid-6-47"
            data-time="47"
            data-week="6"
          />
        </tr>
        <tr>
          <td
            class="wk-selector-view"
            colspan="49"
          >
            <div
              class=""
            >
              <span>
                可拖动鼠标选择时间段
              </span>
            </div>
          </td>
        </tr>
      </tbody>
    </table>
  </div>
</DocumentFragment>
`;
